cargo : warning: unused import: `utils::log`
At line:1 char:1
+ cargo test --package proof-of-sql --no-default-features --features="t ...
+ ~~~~~~~~~~~~~~~~~~~~~~~~~~~~~~~~~~~~~~~~~~~~~~~~~~~~~~~~~~~~~~~~~~~~~
    + CategoryInfo          : NotSpecified: (warning: unused import: `util 
   s::log`:String) [], RemoteException
    + FullyQualifiedErrorId : NativeCommandError
 
 --> crates\proof-of-sql\src\proof_primitive\dory\setup.rs:2:55
  |
2 | use crate::{base::impl_serde_for_ark_serde_unchecked, utils::log};
  |                                                       ^^^^^^^^^^
  |
  = note: `#[warn(unused_imports)]` (part of `#[warn(unused)]`) on by 
default

warning: unused import: `transpose`
 --> crates\proof-of-sql\src\proof_primitive\dory\dory_vmv_helper.rs:3:13
  |
3 | use super::{transpose, G1Affine, ProverSetup, F};
  |             ^^^^^^^^^

warning: unused imports: `BigInt` and `MontBackend`
  --> crates\proof-of-sql\src\proof_primitive\dory\dory_vmv_helper.rs:10:14
   |
10 | use ark_ff::{BigInt, MontBackend};
   |              ^^^^^^  ^^^^^^^^^^^

warning: unused import: 
`blitzar_metadata_table::create_blitzar_metadata_tables`
 --> 
crates\proof-of-sql\src\proof_primitive\dory\dynamic_dory_helper.rs:2:5
  |
2 |     blitzar_metadata_table::create_blitzar_metadata_tables, 
ExtendedV...
  |     ^^^^^^^^^^^^^^^^^^^^^^^^^^^^^^^^^^^^^^^^^^^^^^^^^^^^^^

warning: unused imports: `commitment::CommittableColumn` and 
`slice_ops::slice_cast`
 --> 
crates\proof-of-sql\src\proof_primitive\dory\dynamic_dory_helper.rs:6:12
  |
6 |     base::{commitment::CommittableColumn, slice_ops::slice_cast},
  |            ^^^^^^^^^^^^^^^^^^^^^^^^^^^^^  ^^^^^^^^^^^^^^^^^^^^^

warning: unused import: `__std_iter::repeat`
  --> 
crates\proof-of-sql\src\proof_primitive\dory\dynamic_dory_helper.rs:21:28
   |
21 | use itertools::{Itertools, __std_iter::repeat};
   |                            ^^^^^^^^^^^^^^^^^^

warning: unused import: `slice_ops`
 --> crates\proof-of-sql\src\proof_primitive\hyperkzg\commitment.rs:7:5
  |
7 |     slice_ops,
  |     ^^^^^^^^^

warning: unused imports: `TableOptions` and `owned_table_utility::*`
  --> 
crates\proof-of-sql\src\sql\proof_gadgets\membership_check_test.rs:10:13
   |
10 | ...   owned_table_utility::*, table_utility::table, Column, 
ColumnField...
   |       ^^^^^^^^^^^^^^^^^^^^^^
11 | ...   ColumnType, LiteralValue, Table, TableEvaluation, TableOptions, 
T...
   |                                                         ^^^^^^^^^^^^

warning: unused import: `TableOptions`
 --> 
crates\proof-of-sql\src\sql\proof_gadgets\permutation_check_test.rs:8:30
  |
8 |             TableEvaluation, TableOptions, TableRef,
  |                              ^^^^^^^^^^^^

warning: unused import: `legacy_filter_exec::OstensibleLegacyFilterExec`
  --> crates\proof-of-sql\src\sql\proof_plans\mod.rs:21:16
   |
21 | pub(crate) use legacy_filter_exec::OstensibleLegacyFilterExec;
   |                ^^^^^^^^^^^^^^^^^^^^^^^^^^^^^^^^^^^^^^^^^^^^^^

warning: unused import: `super::DemoMockPlan`
  --> crates\proof-of-sql\src\sql\proof_plans\demo_mock_plan.rs:81:9
   |
81 |     use super::DemoMockPlan;
   |         ^^^^^^^^^^^^^^^^^^^

warning: unused imports: `ColumnRef`, `ColumnType`, 
`OwnedTableTestAccessor`, `TableRef`, `bigint`, `owned_table`, and 
`sql::proof::VerifiableQueryResult`
  --> crates\proof-of-sql\src\sql\proof_plans\demo_mock_plan.rs:84:35
   |
84 |             owned_table_utility::{bigint, owned_table},
   |                                   ^^^^^^  ^^^^^^^^^^^
85 |             ColumnRef, ColumnType, OwnedTableTestAccessor, TableRef,
   |             ^^^^^^^^^  ^^^^^^^^^^  ^^^^^^^^^^^^^^^^^^^^^^  ^^^^^^^^
86 |         },
87 |         sql::proof::VerifiableQueryResult,
   |         ^^^^^^^^^^^^^^^^^^^^^^^^^^^^^^^^^

warning: unused imports: `OwnedTableTestAccessor`, `TableRef`, 
`VerifiableQueryResult`, and `scalar::Scalar`
 --> crates\proof-of-sql\src\sql\proof_plans\empty_exec_test.rs:4:20
  |
4 |         database::{OwnedTableTestAccessor, TableRef},
  |                    ^^^^^^^^^^^^^^^^^^^^^^  ^^^^^^^^
5 |         scalar::Scalar,
  |         ^^^^^^^^^^^^^^
6 |     },
7 |     sql::proof::{ProofPlan, VerifiableQueryResult},
  |                             ^^^^^^^^^^^^^^^^^^^^^

warning: unused imports: `EmptyExec` and `TableExec`
 --> crates\proof-of-sql\src\sql\proof_plans\dyn_proof_plan_test.rs:1:27
  |
1 | use super::{DynProofPlan, EmptyExec, TableExec};
  |                           ^^^^^^^^^  ^^^^^^^^^

warning: method `bounds_mut` is never used
   --> crates\proof-of-sql\src\base\commitment\column_commitment_metadata.r
s:103:19
    |
 37 | impl ColumnCommitmentMetadata {
    | ----------------------------- method in this implementation
...
103 |     pub(super) fn bounds_mut(&mut self) -> &mut ColumnBounds {
    |                   ^^^^^^^^^^
    |
    = note: `#[warn(dead_code)]` (part of `#[warn(unused)]`) on by default

warning: method `column_metadata_mut` is never used
  --> crates\proof-of-sql\src\base\commitment\column_commitments.rs:72:19
   |
52 | impl<C: Commitment> ColumnCommitments<C> {
   | ---------------------------------------- method in this implementation
...
72 |     pub(super) fn column_metadata_mut(&mut self) -> &mut 
ColumnCommi...
   |                   ^^^^^^^^^^^^^^^^^^^

warning: method `column_commitments_mut` is never used
   --> crates\proof-of-sql\src\base\commitment\table_commitment.rs:114:19
    |
 93 | impl<C: Commitment> TableCommitment<C> {
    | -------------------------------------- method in this implementation
...
114 |     pub(super) fn column_commitments_mut(&mut self) -> &mut 
ColumnC...
    |                   ^^^^^^^^^^^^^^^^^^^^^^

warning: function `min_as_f` is never used
  --> crates\proof-of-sql\src\proof_primitive\dory\blitzar_metadata_table.r
s:32:14
   |
32 | pub const fn min_as_f(column_type: ColumnType) -> F {
   |              ^^^^^^^^

warning: function `signed_commits` is never used
  --> 
crates\proof-of-sql\src\proof_primitive\dory\blitzar_metadata_table.rs:59:8
   |
59 | pub fn signed_commits(
   |        ^^^^^^^^^^^^^^

warning: function `modify_commits` is never used
  --> crates\proof-of-sql\src\proof_primitive\dory\pack_scalars.rs:62:8
   |
62 | pub fn modify_commits(
   |        ^^^^^^^^^^^^^^

warning: function `col_ref` is never used
 --> crates\proof-of-sql\src\sql\proof_exprs\test_utility.rs:9:8
  |
9 | pub fn col_ref(tab: &TableRef, name: &str, accessor: &impl 
SchemaAcce...
  |        ^^^^^^^

warning: function `column` is never used
  --> crates\proof-of-sql\src\sql\proof_exprs\test_utility.rs:18:8
   |
18 | pub fn column(tab: &TableRef, name: &str, accessor: &impl 
SchemaAcce...
   |        ^^^^^^

warning: function `gt` is never used
  --> crates\proof-of-sql\src\sql\proof_exprs\test_utility.rs:41:8
   |
41 | pub fn gt(left: DynProofExpr, right: DynProofExpr) -> DynProofExpr {
   |        ^^

warning: function `lte` is never used
  --> crates\proof-of-sql\src\sql\proof_exprs\test_utility.rs:48:8
   |
48 | pub fn lte(left: DynProofExpr, right: DynProofExpr) -> DynProofExpr {
   |        ^^^

warning: function `gte` is never used
  --> crates\proof-of-sql\src\sql\proof_exprs\test_utility.rs:55:8
   |
55 | pub fn gte(left: DynProofExpr, right: DynProofExpr) -> DynProofExpr {
   |        ^^^

warning: function `scaling_cast` is never used
   --> crates\proof-of-sql\src\sql\proof_exprs\test_utility.rs:105:8
    |
105 | pub fn scaling_cast(left: DynProofExpr, right: ColumnType) -> 
DynPr...
    |        ^^^^^^^^^^^^

warning: function `const_bool` is never used
   --> crates\proof-of-sql\src\sql\proof_exprs\test_utility.rs:109:8
    |
109 | pub fn const_bool(val: bool) -> DynProofExpr {
    |        ^^^^^^^^^^

warning: function `const_smallint` is never used
   --> crates\proof-of-sql\src\sql\proof_exprs\test_utility.rs:113:8
    |
113 | pub fn const_smallint(val: i16) -> DynProofExpr {
    |        ^^^^^^^^^^^^^^

warning: function `const_int` is never used
   --> crates\proof-of-sql\src\sql\proof_exprs\test_utility.rs:117:8
    |
117 | pub fn const_int(val: i32) -> DynProofExpr {
    |        ^^^^^^^^^

warning: function `const_bigint` is never used
   --> crates\proof-of-sql\src\sql\proof_exprs\test_utility.rs:121:8
    |
121 | pub fn const_bigint(val: i64) -> DynProofExpr {
    |        ^^^^^^^^^^^^

warning: function `const_int128` is never used
   --> crates\proof-of-sql\src\sql\proof_exprs\test_utility.rs:125:8
    |
125 | pub fn const_int128(val: i128) -> DynProofExpr {
    |        ^^^^^^^^^^^^

warning: function `const_varchar` is never used
   --> crates\proof-of-sql\src\sql\proof_exprs\test_utility.rs:129:8
    |
129 | pub fn const_varchar(val: &str) -> DynProofExpr {
    |        ^^^^^^^^^^^^^

warning: function `const_varbinary` is never used
   --> crates\proof-of-sql\src\sql\proof_exprs\test_utility.rs:134:8
    |
134 | pub fn const_varbinary(val: &[u8]) -> DynProofExpr {
    |        ^^^^^^^^^^^^^^^

warning: function `const_scalar` is never used
   --> crates\proof-of-sql\src\sql\proof_exprs\test_utility.rs:139:8
    |
139 | pub fn const_scalar<S: Scalar, T: Into<S>>(val: T) -> DynProofExpr {
    |        ^^^^^^^^^^^^

warning: function `const_decimal75` is never used
   --> crates\proof-of-sql\src\sql\proof_exprs\test_utility.rs:146:8
    |
146 | pub fn const_decimal75<T: Into<I256>>(precision: u8, scale: i8, 
val...
    |        ^^^^^^^^^^^^^^^

warning: function `aliased_placeholder` is never used
   --> crates\proof-of-sql\src\sql\proof_exprs\test_utility.rs:155:8
    |
155 | pub fn aliased_placeholder(index: usize, col_type: ColumnType, 
alia...
    |        ^^^^^^^^^^^^^^^^^^^

warning: function `tab` is never used
   --> crates\proof-of-sql\src\sql\proof_exprs\test_utility.rs:162:8
    |
162 | pub fn tab(tab: &TableRef) -> TableExpr {
    |        ^^^

warning: function `aliased_plan` is never used
   --> crates\proof-of-sql\src\sql\proof_exprs\test_utility.rs:171:8
    |
171 | pub fn aliased_plan(expr: DynProofExpr, alias: &str) -> 
AliasedDynP...
    |        ^^^^^^^^^^^^

warning: function `col_expr_plan` is never used
   --> crates\proof-of-sql\src\sql\proof_exprs\test_utility.rs:182:8
    |
182 | pub fn col_expr_plan(
    |        ^^^^^^^^^^^^^

warning: function `cols_expr_plan` is never used
   --> crates\proof-of-sql\src\sql\proof_exprs\test_utility.rs:193:8
    |
193 | pub fn cols_expr_plan(
    |        ^^^^^^^^^^^^^^

warning: function `col_expr` is never used
   --> crates\proof-of-sql\src\sql\proof_exprs\test_utility.rs:204:8
    |
204 | pub fn col_expr(tab: &TableRef, name: &str, accessor: &impl 
SchemaA...
    |        ^^^^^^^^

warning: function `cols_expr` is never used
   --> crates\proof-of-sql\src\sql\proof_exprs\test_utility.rs:208:8
    |
208 | pub fn cols_expr(
    |        ^^^^^^^^^

warning: function `sum_expr` is never used
   --> crates\proof-of-sql\src\sql\proof_exprs\test_utility.rs:222:8
    |
222 | pub fn sum_expr(expr: DynProofExpr, alias: &str) -> 
AliasedDynProof...
    |        ^^^^^^^^

warning: struct `MembershipCheckTestPlan` is never constructed
  --> 
crates\proof-of-sql\src\sql\proof_gadgets\membership_check_test.rs:29:12
   |
29 | pub struct MembershipCheckTestPlan {
   |            ^^^^^^^^^^^^^^^^^^^^^^^

warning: struct `PermutationCheckTestPlan` is never constructed
  --> 
crates\proof-of-sql\src\sql\proof_gadgets\permutation_check_test.rs:26:12
   |
26 | pub struct PermutationCheckTestPlan {
   |            ^^^^^^^^^^^^^^^^^^^^^^^^

warning: struct `MonotonicTestPlan` is never constructed
  --> crates\proof-of-sql\src\sql\proof_gadgets\monotonic_test.rs:24:12
   |
24 | pub struct MonotonicTestPlan<const STRICT: bool, const ASC: bool> {
   |            ^^^^^^^^^^^^^^^^^

warning: function `column_field` is never used
  --> crates\proof-of-sql\src\sql\proof_plans\test_utility.rs:12:8
   |
12 | pub fn column_field(name: &str, column_type: ColumnType) -> 
ColumnFi...
   |        ^^^^^^^^^^^^

warning: function `empty_exec` is never used
  --> crates\proof-of-sql\src\sql\proof_plans\test_utility.rs:16:8
   |
16 | pub fn empty_exec() -> DynProofPlan {
   |        ^^^^^^^^^^

warning: function `table_exec` is never used
  --> crates\proof-of-sql\src\sql\proof_plans\test_utility.rs:20:8
   |
20 | pub fn table_exec(table_ref: TableRef, schema: Vec<ColumnField>) -> 
...
   |        ^^^^^^^^^^

warning: function `projection` is never used
  --> crates\proof-of-sql\src\sql\proof_plans\test_utility.rs:24:8
   |
24 | pub fn projection(results: Vec<AliasedDynProofExpr>, input: 
DynProof...
   |        ^^^^^^^^^^

warning: function `legacy_filter` is never used
  --> crates\proof-of-sql\src\sql\proof_plans\test_utility.rs:28:8
   |
28 | pub fn legacy_filter(
   |        ^^^^^^^^^^^^^

warning: function `filter` is never used
  --> crates\proof-of-sql\src\sql\proof_plans\test_utility.rs:36:8
   |
36 | pub fn filter(

running 0 tests

test result: ok. 0 passed; 0 failed; 0 ignored; 0 measured; 963 filtered out; finished in 0.00s

   |        ^^^^^^

warning: function `group_by` is never used
  --> crates\proof-of-sql\src\sql\proof_plans\test_utility.rs:47:8
   |
47 | pub fn group_by(
   |        ^^^^^^^^

warning: function `aggregate` is never used
  --> crates\proof-of-sql\src\sql\proof_plans\test_utility.rs:69:8
   |
69 | pub fn aggregate(
   |        ^^^^^^^^^

warning: function `slice_exec` is never used
  --> crates\proof-of-sql\src\sql\proof_plans\test_utility.rs:86:8
   |
86 | pub fn slice_exec(input: DynProofPlan, skip: usize, fetch: 
Option<us...
   |        ^^^^^^^^^^

warning: function `union_exec` is never used
  --> crates\proof-of-sql\src\sql\proof_plans\test_utility.rs:90:8
   |
90 | pub fn union_exec(inputs: Vec<DynProofPlan>) -> DynProofPlan {
   |        ^^^^^^^^^^

warning: function `sort_merge_join` is never used
  --> crates\proof-of-sql\src\sql\proof_plans\test_utility.rs:94:8
   |
94 | pub fn sort_merge_join(
   |        ^^^^^^^^^^^^^^^

warning: struct `DemoMockPlan` is never constructed
  --> crates\proof-of-sql\src\sql\proof_plans\demo_mock_plan.rs:18:19
   |
18 | pub(crate) struct DemoMockPlan {
   |                   ^^^^^^^^^^^^

warning: `proof-of-sql` (lib test) generated 58 warnings (run `cargo fix 
--lib -p proof-of-sql --tests` to apply 14 suggestions)
    Finished `test` profile [unoptimized + debuginfo] target(s) in 0.91s
     Running unittests src\lib.rs 
(target\debug\deps\proof_of_sql-966509d6e73424ab.exe)
